// Jest Snapshot v1, https://goo.gl/fbAQLP

exports[`should render editExpensepage correctly 1`] = `
<div>
  <h1>
    Edit expense
  </h1>
  <ExpenseForm
    expense={
      Object {
        "amount": 10,
        "createdAt": "1970-01-01T00:00:00.000Z",
        "description": "gum",
        "id": "123",
        "note": "gum note",
      }
    }
    onSubmit={[Function]}
  />
  <button
    onClick={[Function]}
  >
    Remove
  </button>
</div>
`;
