// Jest Snapshot v1, https://goo.gl/fbAQLP

exports[`should return an object from ExpenseDashboardPage 1`] = `
<div>
  <Connect(ExpenseListFilter) />
  <Connect(ExpenseList) />
</div>
`;
